// Jest Snapshot v1, https://goo.gl/fbAQLP

exports[`Prueba en <TodoAdd /> Deberia de mostrarse correctamente 1`] = `
<div>
  <h4>
    Agregar TODO
  </h4>
  <hr />
  <form>
    <input
      autocomplete="off"
      class="form-control"
      name="description"
      placeholder="Actividad..."
      type="text"
      value=""
    />
    <button
      class="btn btn-outline-primary mt-3 btn-block"
      type="submit"
    >
      Agregar
    </button>
  </form>
</div>
`;
