// Jest Snapshot v1, https://goo.gl/fbAQLP

exports[`Prueba en <RealExampleRef />> Debe mostrarse correctamente 1`] = `
<div>
  <div>
    <h1>
      RealExampleRef
    </h1>
    <hr />
    <button
      class="btn btn-primary mt-5"
    >
      Ocultar
    </button>
  </div>
</div>
`;
