// Jest Snapshot v1, https://goo.gl/fbAQLP

exports[`Pruebas en <HookApp/> Debe mostrarse correctamente 1`] = `
<div>
  <div>
    Hola Jonathan
    <li>
      pruebaaaaaaaaa
    </li>
  </div>
</div>
`;
