// Jest Snapshot v1, https://goo.gl/fbAQLP

exports[`Pruebas en <HomeScreen /> Debe mostrarse correctamente 1`] = `
<div>
  <div>
    <h1>
      HomeScreen
    </h1>
    <hr />
    <pre>
      {
   "name": "Jonathan",
   "email": "jonathan.canales.hds@gmail.com"
}
    </pre>
  </div>
</div>
`;
