// Jest Snapshot v1, https://goo.gl/fbAQLP

exports[`Pruebas del componente CategoryAdd.js Retorna la estructura HTML correcta del compoente 1`] = `
<form
  onSubmit={[Function]}
>
  <input
    onChange={[Function]}
    type="text"
    value=""
  />
</form>
`;
