// Jest Snapshot v1, https://goo.gl/fbAQLP

exports[`Prueba del componente GifGridItem Retorna codigo HTML correctamente 1`] = `
<div
  className="card animate__animated animate__backInRight"
>
  <img
    className="card__img"
  />
  <p
    className="card__title"
  />
</div>
`;
