// Jest Snapshot v1, https://goo.gl/fbAQLP

exports[`Prueba del componente GifGrid Evaluaci√≥n del contenido del componente 1`] = `
<Fragment>
  <h3>
    One piece
  </h3>
  <p>
    LOADING...
  </p>
  <div
    className="container"
  />
</Fragment>
`;
